# serializer version: 1
# name: test_memory_circuit
  stim.Circuit('''
      R 3 10 13 15 26 28 31 33 35 50 52 54 57 59 61 63 82 84 86 88 91 93 95 97 99
      DEPOLARIZE1(0.001) 3 10 13 15 26 28 31 33 35 50 52 54 57 59 61 63 82 84 86 88 91 93 95 97 99
      H 3 10 13 15 26 28 31 33 35 50 52 54 57 59 61 63 82 84 86 88 91 93 95 97 99
      DEPOLARIZE1(0.001) 3 10 13 15 26 28 31 33 35 50 52 54 57 59 61 63 82 84 86 88 91 93 95 97 99
      R 6 18 22 40 42 46 66 70 74 78 104 108 8 16 24 38 44 48 64 68 76 80 112 116
      DEPOLARIZE1(0.001) 6 18 22 40 42 46 66 70 74 78 104 108 8 16 24 38 44 48 64 68 76 80 112 116
      I 3 10 13 15 26 28 31 33 35 50 52 54 57 59 61 63 82 84 86 88 91 93 95 97 99
      H 6 18 22 40 42 46 66 70 74 78 104 108
      DEPOLARIZE1(0.001) 6 18 22 40 42 46 66 70 74 78 104 108
      I 8 16 24 38 44 48 64 68 76 80 112 116 3 10 13 15 26 28 31 33 35 50 52 54 57 59 61 63 82 84 86 88 91 93 95 97 99
      CX 13 8
      DEPOLARIZE2(0.001) 13 8
      CX 10 16
      DEPOLARIZE2(0.001) 10 16
      CX 18 15
      DEPOLARIZE2(0.001) 18 15
      CX 22 31
      DEPOLARIZE2(0.001) 22 31
      CX 33 24
      DEPOLARIZE2(0.001) 33 24
      CX 28 38
      DEPOLARIZE2(0.001) 28 38
      CX 40 35
      DEPOLARIZE2(0.001) 40 35
      CX 57 44
      DEPOLARIZE2(0.001) 57 44
      CX 46 59
      DEPOLARIZE2(0.001) 46 59
      CX 61 48
      DEPOLARIZE2(0.001) 61 48
      CX 50 64
      DEPOLARIZE2(0.001) 50 64
      CX 66 52
      DEPOLARIZE2(0.001) 66 52
      CX 54 68
      DEPOLARIZE2(0.001) 54 68
      CX 70 63
      DEPOLARIZE2(0.001) 70 63
      CX 74 91
      DEPOLARIZE2(0.001) 74 91
      CX 93 76
      DEPOLARIZE2(0.001) 93 76
      CX 78 95
      DEPOLARIZE2(0.001) 78 95
      CX 97 80
      DEPOLARIZE2(0.001) 97 80
      CX 104 86
      DEPOLARIZE2(0.001) 104 86
      CX 108 99
      DEPOLARIZE2(0.001) 108 99
      I 3 6 26 42 82 84 88 112 116
      CX 15 8
      DEPOLARIZE2(0.001) 15 8
      CX 26 16
      DEPOLARIZE2(0.001) 26 16
      CX 18 10
      DEPOLARIZE2(0.001) 18 10
      CX 22 13
      DEPOLARIZE2(0.001) 22 13
      CX 35 24
      DEPOLARIZE2(0.001) 35 24
      CX 52 38
      DEPOLARIZE2(0.001) 52 38
      CX 40 28
      DEPOLARIZE2(0.001) 40 28
      CX 59 44
      DEPOLARIZE2(0.001) 59 44
      CX 46 33
      DEPOLARIZE2(0.001) 46 33
      CX 63 48
      DEPOLARIZE2(0.001) 63 48
      CX 82 64
      DEPOLARIZE2(0.001) 82 64
      CX 66 50
      DEPOLARIZE2(0.001) 66 50
      CX 86 68
      DEPOLARIZE2(0.001) 86 68
      CX 70 54
      DEPOLARIZE2(0.001) 70 54
      CX 74 57
      DEPOLARIZE2(0.001) 74 57
      CX 95 76
      DEPOLARIZE2(0.001) 95 76
      CX 78 61
      DEPOLARIZE2(0.001) 78 61
      CX 99 80
      DEPOLARIZE2(0.001) 99 80
      CX 104 84
      DEPOLARIZE2(0.001) 104 84
      CX 108 88
      DEPOLARIZE2(0.001) 108 88
      I 3 6 31 42 91 93 97 112 116
      CX 6 13
      DEPOLARIZE2(0.001) 6 13
      CX 3 8
      DEPOLARIZE2(0.001) 3 8
      CX 18 28
      DEPOLARIZE2(0.001) 18 28
      CX 22 33
      DEPOLARIZE2(0.001) 22 33
      CX 15 24
      DEPOLARIZE2(0.001) 15 24
      CX 26 38
      DEPOLARIZE2(0.001) 26 38
      CX 40 54
      DEPOLARIZE2(0.001) 40 54
      CX 42 57
      DEPOLARIZE2(0.001) 42 57
      CX 31 44
      DEPOLARIZE2(0.001) 31 44
      CX 46 61
      DEPOLARIZE2(0.001) 46 61
      CX 35 48
      DEPOLARIZE2(0.001) 35 48
      CX 66 84
      DEPOLARIZE2(0.001) 66 84
      CX 52 68
      DEPOLARIZE2(0.001) 52 68
      CX 70 88
      DEPOLARIZE2(0.001) 70 88
      CX 74 93
      DEPOLARIZE2(0.001) 74 93
      CX 59 76
      DEPOLARIZE2(0.001) 59 76
      CX 78 97
      DEPOLARIZE2(0.001) 78 97
      CX 63 80
      DEPOLARIZE2(0.001) 63 80
      CX 91 112
      DEPOLARIZE2(0.001) 91 112
      CX 95 116
      DEPOLARIZE2(0.001) 95 116
      I 10 16 50 64 82 86 99 104 108
      CX 6 3
      DEPOLARIZE2(0.001) 6 3
      CX 10 8
      DEPOLARIZE2(0.001) 10 8
      CX 18 26
      DEPOLARIZE2(0.001) 18 26
      CX 22 15
      DEPOLARIZE2(0.001) 22 15
      CX 28 24
      DEPOLARIZE2(0.001) 28 24
      CX 50 38
      DEPOLARIZE2(0.001) 50 38
      CX 40 52
      DEPOLARIZE2(0.001) 40 52
      CX 42 31
      DEPOLARIZE2(0.001) 42 31
      CX 33 44
      DEPOLARIZE2(0.001) 33 44
      CX 46 35
      DEPOLARIZE2(0.001) 46 35
      CX 54 48
      DEPOLARIZE2(0.001) 54 48
      CX 66 82
      DEPOLARIZE2(0.001) 66 82
      CX 84 68
      DEPOLARIZE2(0.001) 84 68
      CX 70 86
      DEPOLARIZE2(0.001) 70 86
      CX 74 59
      DEPOLARIZE2(0.001) 74 59
      CX 61 76
      DEPOLARIZE2(0.001) 61 76
      CX 78 63
      DEPOLARIZE2(0.001) 78 63
      CX 88 80
      DEPOLARIZE2(0.001) 88 80
      CX 93 112
      DEPOLARIZE2(0.001) 93 112
      CX 97 116
      DEPOLARIZE2(0.001) 97 116
      I 13 16 57 64 91 95 99 104 108
      H 6 18 22 40 42 46 66 70 74 78 104 108
      DEPOLARIZE1(0.001) 6 18 22 40 42 46 66 70 74 78 104 108
      I 8 16 24 38 44 48 64 68 76 80 112 116 3 10 13 15 26 28 31 33 35 50 52 54 57 59 61 63 82 84 86 88 91 93 95 97 99
      M(0.001) 6 18 22 40 42 46 66 70 74 78 104 108 8 16 24 38 44 48 64 68 76 80 112 116
      I 3 10 13 15 26 28 31 33 35 50 52 54 57 59 61 63 82 84 86 88 91 93 95 97 99
      DETECTOR rec[-24]
      DETECTOR rec[-23]
      DETECTOR rec[-18]
      DETECTOR rec[-22]
      DETECTOR rec[-21]
      DETECTOR rec[-14]
      DETECTOR rec[-20]
      DETECTOR rec[-19]
      DETECTOR rec[-17]
      DETECTOR rec[-16]
      DETECTOR rec[-15]
      DETECTOR rec[-13]
      R 6 18 22 40 42 46 66 70 74 78 104 108 8 16 24 38 44 48 64 68 76 80 112 116
      DEPOLARIZE1(0.001) 6 18 22 40 42 46 66 70 74 78 104 108 8 16 24 38 44 48 64 68 76 80 112 116
      I 3 10 13 15 26 28 31 33 35 50 52 54 57 59 61 63 82 84 86 88 91 93 95 97 99
      H 6 18 22 40 42 46 66 70 74 78 104 108
      DEPOLARIZE1(0.001) 6 18 22 40 42 46 66 70 74 78 104 108
      I 8 16 24 38 44 48 64 68 76 80 112 116 3 10 13 15 26 28 31 33 35 50 52 54 57 59 61 63 82 84 86 88 91 93 95 97 99
      CX 13 8
      DEPOLARIZE2(0.001) 13 8
      CX 10 16
      DEPOLARIZE2(0.001) 10 16
      CX 18 15
      DEPOLARIZE2(0.001) 18 15
      CX 22 31
      DEPOLARIZE2(0.001) 22 31
      CX 33 24
      DEPOLARIZE2(0.001) 33 24
      CX 28 38
      DEPOLARIZE2(0.001) 28 38
      CX 40 35
      DEPOLARIZE2(0.001) 40 35
      CX 57 44
      DEPOLARIZE2(0.001) 57 44
      CX 46 59
      DEPOLARIZE2(0.001) 46 59
      CX 61 48
      DEPOLARIZE2(0.001) 61 48
      CX 50 64
      DEPOLARIZE2(0.001) 50 64
      CX 66 52
      DEPOLARIZE2(0.001) 66 52
      CX 54 68
      DEPOLARIZE2(0.001) 54 68
      CX 70 63
      DEPOLARIZE2(0.001) 70 63
      CX 74 91
      DEPOLARIZE2(0.001) 74 91
      CX 93 76
      DEPOLARIZE2(0.001) 93 76
      CX 78 95
      DEPOLARIZE2(0.001) 78 95
      CX 97 80
      DEPOLARIZE2(0.001) 97 80
      CX 104 86
      DEPOLARIZE2(0.001) 104 86
      CX 108 99
      DEPOLARIZE2(0.001) 108 99
      I 3 6 26 42 82 84 88 112 116
      CX 15 8
      DEPOLARIZE2(0.001) 15 8
      CX 26 16
      DEPOLARIZE2(0.001) 26 16
      CX 18 10
      DEPOLARIZE2(0.001) 18 10
      CX 22 13
      DEPOLARIZE2(0.001) 22 13
      CX 35 24
      DEPOLARIZE2(0.001) 35 24
      CX 52 38
      DEPOLARIZE2(0.001) 52 38
      CX 40 28
      DEPOLARIZE2(0.001) 40 28
      CX 59 44
      DEPOLARIZE2(0.001) 59 44
      CX 46 33
      DEPOLARIZE2(0.001) 46 33
      CX 63 48
      DEPOLARIZE2(0.001) 63 48
      CX 82 64
      DEPOLARIZE2(0.001) 82 64
      CX 66 50
      DEPOLARIZE2(0.001) 66 50
      CX 86 68
      DEPOLARIZE2(0.001) 86 68
      CX 70 54
      DEPOLARIZE2(0.001) 70 54
      CX 74 57
      DEPOLARIZE2(0.001) 74 57
      CX 95 76
      DEPOLARIZE2(0.001) 95 76
      CX 78 61
      DEPOLARIZE2(0.001) 78 61
      CX 99 80
      DEPOLARIZE2(0.001) 99 80
      CX 104 84
      DEPOLARIZE2(0.001) 104 84
      CX 108 88
      DEPOLARIZE2(0.001) 108 88
      I 3 6 31 42 91 93 97 112 116
      CX 6 13
      DEPOLARIZE2(0.001) 6 13
      CX 3 8
      DEPOLARIZE2(0.001) 3 8
      CX 18 28
      DEPOLARIZE2(0.001) 18 28
      CX 22 33
      DEPOLARIZE2(0.001) 22 33
      CX 15 24
      DEPOLARIZE2(0.001) 15 24
      CX 26 38
      DEPOLARIZE2(0.001) 26 38
      CX 40 54
      DEPOLARIZE2(0.001) 40 54
      CX 42 57
      DEPOLARIZE2(0.001) 42 57
      CX 31 44
      DEPOLARIZE2(0.001) 31 44
      CX 46 61
      DEPOLARIZE2(0.001) 46 61
      CX 35 48
      DEPOLARIZE2(0.001) 35 48
      CX 66 84
      DEPOLARIZE2(0.001) 66 84
      CX 52 68
      DEPOLARIZE2(0.001) 52 68
      CX 70 88
      DEPOLARIZE2(0.001) 70 88
      CX 74 93
      DEPOLARIZE2(0.001) 74 93
      CX 59 76
      DEPOLARIZE2(0.001) 59 76
      CX 78 97
      DEPOLARIZE2(0.001) 78 97
      CX 63 80
      DEPOLARIZE2(0.001) 63 80
      CX 91 112
      DEPOLARIZE2(0.001) 91 112
      CX 95 116
      DEPOLARIZE2(0.001) 95 116
      I 10 16 50 64 82 86 99 104 108
      CX 6 3
      DEPOLARIZE2(0.001) 6 3
      CX 10 8
      DEPOLARIZE2(0.001) 10 8
      CX 18 26
      DEPOLARIZE2(0.001) 18 26
      CX 22 15
      DEPOLARIZE2(0.001) 22 15
      CX 28 24
      DEPOLARIZE2(0.001) 28 24
      CX 50 38
      DEPOLARIZE2(0.001) 50 38
      CX 40 52
      DEPOLARIZE2(0.001) 40 52
      CX 42 31
      DEPOLARIZE2(0.001) 42 31
      CX 33 44
      DEPOLARIZE2(0.001) 33 44
      CX 46 35
      DEPOLARIZE2(0.001) 46 35
      CX 54 48
      DEPOLARIZE2(0.001) 54 48
      CX 66 82
      DEPOLARIZE2(0.001) 66 82
      CX 84 68
      DEPOLARIZE2(0.001) 84 68
      CX 70 86
      DEPOLARIZE2(0.001) 70 86
      CX 74 59
      DEPOLARIZE2(0.001) 74 59
      CX 61 76
      DEPOLARIZE2(0.001) 61 76
      CX 78 63
      DEPOLARIZE2(0.001) 78 63
      CX 88 80
      DEPOLARIZE2(0.001) 88 80
      CX 93 112
      DEPOLARIZE2(0.001) 93 112
      CX 97 116
      DEPOLARIZE2(0.001) 97 116
      I 13 16 57 64 91 95 99 104 108
      H 6 18 22 40 42 46 66 70 74 78 104 108
      DEPOLARIZE1(0.001) 6 18 22 40 42 46 66 70 74 78 104 108
      I 8 16 24 38 44 48 64 68 76 80 112 116 3 10 13 15 26 28 31 33 35 50 52 54 57 59 61 63 82 84 86 88 91 93 95 97 99
      M(0.001) 6 18 22 40 42 46 66 70 74 78 104 108 8 16 24 38 44 48 64 68 76 80 112 116
      I 3 10 13 15 26 28 31 33 35 50 52 54 57 59 61 63 82 84 86 88 91 93 95 97 99
      DETECTOR rec[-24] rec[-48]
      DETECTOR rec[-12] rec[-36]
      DETECTOR rec[-11] rec[-35]
      DETECTOR rec[-23] rec[-47]
      DETECTOR rec[-22] rec[-46]
      DETECTOR rec[-10] rec[-34]
      DETECTOR rec[-9] rec[-33]
      DETECTOR rec[-21] rec[-45]
      DETECTOR rec[-20] rec[-44]
      DETECTOR rec[-8] rec[-32]
      DETECTOR rec[-19] rec[-43]
      DETECTOR rec[-7] rec[-31]
      DETECTOR rec[-6] rec[-30]
      DETECTOR rec[-18] rec[-42]
      DETECTOR rec[-5] rec[-29]
      DETECTOR rec[-17] rec[-41]
      DETECTOR rec[-16] rec[-40]
      DETECTOR rec[-4] rec[-28]
      DETECTOR rec[-15] rec[-39]
      DETECTOR rec[-3] rec[-27]
      DETECTOR rec[-14] rec[-38]
      DETECTOR rec[-13] rec[-37]
      DETECTOR rec[-2] rec[-26]
      DETECTOR rec[-1] rec[-25]
      R 6 18 22 40 42 46 66 70 74 78 104 108 8 16 24 38 44 48 64 68 76 80 112 116
      DEPOLARIZE1(0.001) 6 18 22 40 42 46 66 70 74 78 104 108 8 16 24 38 44 48 64 68 76 80 112 116
      I 3 10 13 15 26 28 31 33 35 50 52 54 57 59 61 63 82 84 86 88 91 93 95 97 99
      H 6 18 22 40 42 46 66 70 74 78 104 108
      DEPOLARIZE1(0.001) 6 18 22 40 42 46 66 70 74 78 104 108
      I 8 16 24 38 44 48 64 68 76 80 112 116 3 10 13 15 26 28 31 33 35 50 52 54 57 59 61 63 82 84 86 88 91 93 95 97 99
      CX 13 8
      DEPOLARIZE2(0.001) 13 8
      CX 10 16
      DEPOLARIZE2(0.001) 10 16
      CX 18 15
      DEPOLARIZE2(0.001) 18 15
      CX 22 31
      DEPOLARIZE2(0.001) 22 31
      CX 33 24
      DEPOLARIZE2(0.001) 33 24
      CX 28 38
      DEPOLARIZE2(0.001) 28 38
      CX 40 35
      DEPOLARIZE2(0.001) 40 35
      CX 57 44
      DEPOLARIZE2(0.001) 57 44
      CX 46 59
      DEPOLARIZE2(0.001) 46 59
      CX 61 48
      DEPOLARIZE2(0.001) 61 48
      CX 50 64
      DEPOLARIZE2(0.001) 50 64
      CX 66 52
      DEPOLARIZE2(0.001) 66 52
      CX 54 68
      DEPOLARIZE2(0.001) 54 68
      CX 70 63
      DEPOLARIZE2(0.001) 70 63
      CX 74 91
      DEPOLARIZE2(0.001) 74 91
      CX 93 76
      DEPOLARIZE2(0.001) 93 76
      CX 78 95
      DEPOLARIZE2(0.001) 78 95
      CX 97 80
      DEPOLARIZE2(0.001) 97 80
      CX 104 86
      DEPOLARIZE2(0.001) 104 86
      CX 108 99
      DEPOLARIZE2(0.001) 108 99
      I 3 6 26 42 82 84 88 112 116
      CX 15 8
      DEPOLARIZE2(0.001) 15 8
      CX 26 16
      DEPOLARIZE2(0.001) 26 16
      CX 18 10
      DEPOLARIZE2(0.001) 18 10
      CX 22 13
      DEPOLARIZE2(0.001) 22 13
      CX 35 24
      DEPOLARIZE2(0.001) 35 24
      CX 52 38
      DEPOLARIZE2(0.001) 52 38
      CX 40 28
      DEPOLARIZE2(0.001) 40 28
      CX 59 44
      DEPOLARIZE2(0.001) 59 44
      CX 46 33
      DEPOLARIZE2(0.001) 46 33
      CX 63 48
      DEPOLARIZE2(0.001) 63 48
      CX 82 64
      DEPOLARIZE2(0.001) 82 64
      CX 66 50
      DEPOLARIZE2(0.001) 66 50
      CX 86 68
      DEPOLARIZE2(0.001) 86 68
      CX 70 54
      DEPOLARIZE2(0.001) 70 54
      CX 74 57
      DEPOLARIZE2(0.001) 74 57
      CX 95 76
      DEPOLARIZE2(0.001) 95 76
      CX 78 61
      DEPOLARIZE2(0.001) 78 61
      CX 99 80
      DEPOLARIZE2(0.001) 99 80
      CX 104 84
      DEPOLARIZE2(0.001) 104 84
      CX 108 88
      DEPOLARIZE2(0.001) 108 88
      I 3 6 31 42 91 93 97 112 116
      CX 6 13
      DEPOLARIZE2(0.001) 6 13
      CX 3 8
      DEPOLARIZE2(0.001) 3 8
      CX 18 28
      DEPOLARIZE2(0.001) 18 28
      CX 22 33
      DEPOLARIZE2(0.001) 22 33
      CX 15 24
      DEPOLARIZE2(0.001) 15 24
      CX 26 38
      DEPOLARIZE2(0.001) 26 38
      CX 40 54
      DEPOLARIZE2(0.001) 40 54
      CX 42 57
      DEPOLARIZE2(0.001) 42 57
      CX 31 44
      DEPOLARIZE2(0.001) 31 44
      CX 46 61
      DEPOLARIZE2(0.001) 46 61
      CX 35 48
      DEPOLARIZE2(0.001) 35 48
      CX 66 84
      DEPOLARIZE2(0.001) 66 84
      CX 52 68
      DEPOLARIZE2(0.001) 52 68
      CX 70 88
      DEPOLARIZE2(0.001) 70 88
      CX 74 93
      DEPOLARIZE2(0.001) 74 93
      CX 59 76
      DEPOLARIZE2(0.001) 59 76
      CX 78 97
      DEPOLARIZE2(0.001) 78 97
      CX 63 80
      DEPOLARIZE2(0.001) 63 80
      CX 91 112
      DEPOLARIZE2(0.001) 91 112
      CX 95 116
      DEPOLARIZE2(0.001) 95 116
      I 10 16 50 64 82 86 99 104 108
      CX 6 3
      DEPOLARIZE2(0.001) 6 3
      CX 10 8
      DEPOLARIZE2(0.001) 10 8
      CX 18 26
      DEPOLARIZE2(0.001) 18 26
      CX 22 15
      DEPOLARIZE2(0.001) 22 15
      CX 28 24
      DEPOLARIZE2(0.001) 28 24
      CX 50 38
      DEPOLARIZE2(0.001) 50 38
      CX 40 52
      DEPOLARIZE2(0.001) 40 52
      CX 42 31
      DEPOLARIZE2(0.001) 42 31
      CX 33 44
      DEPOLARIZE2(0.001) 33 44
      CX 46 35
      DEPOLARIZE2(0.001) 46 35
      CX 54 48
      DEPOLARIZE2(0.001) 54 48
      CX 66 82
      DEPOLARIZE2(0.001) 66 82
      CX 84 68
      DEPOLARIZE2(0.001) 84 68
      CX 70 86
      DEPOLARIZE2(0.001) 70 86
      CX 74 59
      DEPOLARIZE2(0.001) 74 59
      CX 61 76
      DEPOLARIZE2(0.001) 61 76
      CX 78 63
      DEPOLARIZE2(0.001) 78 63
      CX 88 80
      DEPOLARIZE2(0.001) 88 80
      CX 93 112
      DEPOLARIZE2(0.001) 93 112
      CX 97 116
      DEPOLARIZE2(0.001) 97 116
      I 13 16 57 64 91 95 99 104 108
      H 6 18 22 40 42 46 66 70 74 78 104 108
      DEPOLARIZE1(0.001) 6 18 22 40 42 46 66 70 74 78 104 108
      I 8 16 24 38 44 48 64 68 76 80 112 116 3 10 13 15 26 28 31 33 35 50 52 54 57 59 61 63 82 84 86 88 91 93 95 97 99
      M(0.001) 6 18 22 40 42 46 66 70 74 78 104 108 8 16 24 38 44 48 64 68 76 80 112 116
      I 3 10 13 15 26 28 31 33 35 50 52 54 57 59 61 63 82 84 86 88 91 93 95 97 99
      DETECTOR rec[-24] rec[-48]
      DETECTOR rec[-12] rec[-36]
      DETECTOR rec[-11] rec[-35]
      DETECTOR rec[-23] rec[-47]
      DETECTOR rec[-22] rec[-46]
      DETECTOR rec[-10] rec[-34]
      DETECTOR rec[-9] rec[-33]
      DETECTOR rec[-21] rec[-45]
      DETECTOR rec[-20] rec[-44]
      DETECTOR rec[-8] rec[-32]
      DETECTOR rec[-19] rec[-43]
      DETECTOR rec[-7] rec[-31]
      DETECTOR rec[-6] rec[-30]
      DETECTOR rec[-18] rec[-42]
      DETECTOR rec[-5] rec[-29]
      DETECTOR rec[-17] rec[-41]
      DETECTOR rec[-16] rec[-40]
      DETECTOR rec[-4] rec[-28]
      DETECTOR rec[-15] rec[-39]
      DETECTOR rec[-3] rec[-27]
      DETECTOR rec[-14] rec[-38]
      DETECTOR rec[-13] rec[-37]
      DETECTOR rec[-2] rec[-26]
      DETECTOR rec[-1] rec[-25]
      R 6 18 22 40 42 46 66 70 74 78 104 108 8 16 24 38 44 48 64 68 76 80 112 116
      DEPOLARIZE1(0.001) 6 18 22 40 42 46 66 70 74 78 104 108 8 16 24 38 44 48 64 68 76 80 112 116
      I 3 10 13 15 26 28 31 33 35 50 52 54 57 59 61 63 82 84 86 88 91 93 95 97 99
      H 6 18 22 40 42 46 66 70 74 78 104 108
      DEPOLARIZE1(0.001) 6 18 22 40 42 46 66 70 74 78 104 108
      I 8 16 24 38 44 48 64 68 76 80 112 116 3 10 13 15 26 28 31 33 35 50 52 54 57 59 61 63 82 84 86 88 91 93 95 97 99
      CX 13 8
      DEPOLARIZE2(0.001) 13 8
      CX 10 16
      DEPOLARIZE2(0.001) 10 16
      CX 18 15
      DEPOLARIZE2(0.001) 18 15
      CX 22 31
      DEPOLARIZE2(0.001) 22 31
      CX 33 24
      DEPOLARIZE2(0.001) 33 24
      CX 28 38
      DEPOLARIZE2(0.001) 28 38
      CX 40 35
      DEPOLARIZE2(0.001) 40 35
      CX 57 44
      DEPOLARIZE2(0.001) 57 44
      CX 46 59
      DEPOLARIZE2(0.001) 46 59
      CX 61 48
      DEPOLARIZE2(0.001) 61 48
      CX 50 64
      DEPOLARIZE2(0.001) 50 64
      CX 66 52
      DEPOLARIZE2(0.001) 66 52
      CX 54 68
      DEPOLARIZE2(0.001) 54 68
      CX 70 63
      DEPOLARIZE2(0.001) 70 63
      CX 74 91
      DEPOLARIZE2(0.001) 74 91
      CX 93 76
      DEPOLARIZE2(0.001) 93 76
      CX 78 95
      DEPOLARIZE2(0.001) 78 95
      CX 97 80
      DEPOLARIZE2(0.001) 97 80
      CX 104 86
      DEPOLARIZE2(0.001) 104 86
      CX 108 99
      DEPOLARIZE2(0.001) 108 99
      I 3 6 26 42 82 84 88 112 116
      CX 15 8
      DEPOLARIZE2(0.001) 15 8
      CX 26 16
      DEPOLARIZE2(0.001) 26 16
      CX 18 10
      DEPOLARIZE2(0.001) 18 10
      CX 22 13
      DEPOLARIZE2(0.001) 22 13
      CX 35 24
      DEPOLARIZE2(0.001) 35 24
      CX 52 38
      DEPOLARIZE2(0.001) 52 38
      CX 40 28
      DEPOLARIZE2(0.001) 40 28
      CX 59 44
      DEPOLARIZE2(0.001) 59 44
      CX 46 33
      DEPOLARIZE2(0.001) 46 33
      CX 63 48
      DEPOLARIZE2(0.001) 63 48
      CX 82 64
      DEPOLARIZE2(0.001) 82 64
      CX 66 50
      DEPOLARIZE2(0.001) 66 50
      CX 86 68
      DEPOLARIZE2(0.001) 86 68
      CX 70 54
      DEPOLARIZE2(0.001) 70 54
      CX 74 57
      DEPOLARIZE2(0.001) 74 57
      CX 95 76
      DEPOLARIZE2(0.001) 95 76
      CX 78 61
      DEPOLARIZE2(0.001) 78 61
      CX 99 80
      DEPOLARIZE2(0.001) 99 80
      CX 104 84
      DEPOLARIZE2(0.001) 104 84
      CX 108 88
      DEPOLARIZE2(0.001) 108 88
      I 3 6 31 42 91 93 97 112 116
      CX 6 13
      DEPOLARIZE2(0.001) 6 13
      CX 3 8
      DEPOLARIZE2(0.001) 3 8
      CX 18 28
      DEPOLARIZE2(0.001) 18 28
      CX 22 33
      DEPOLARIZE2(0.001) 22 33
      CX 15 24
      DEPOLARIZE2(0.001) 15 24
      CX 26 38
      DEPOLARIZE2(0.001) 26 38
      CX 40 54
      DEPOLARIZE2(0.001) 40 54
      CX 42 57
      DEPOLARIZE2(0.001) 42 57
      CX 31 44
      DEPOLARIZE2(0.001) 31 44
      CX 46 61
      DEPOLARIZE2(0.001) 46 61
      CX 35 48
      DEPOLARIZE2(0.001) 35 48
      CX 66 84
      DEPOLARIZE2(0.001) 66 84
      CX 52 68
      DEPOLARIZE2(0.001) 52 68
      CX 70 88
      DEPOLARIZE2(0.001) 70 88
      CX 74 93
      DEPOLARIZE2(0.001) 74 93
      CX 59 76
      DEPOLARIZE2(0.001) 59 76
      CX 78 97
      DEPOLARIZE2(0.001) 78 97
      CX 63 80
      DEPOLARIZE2(0.001) 63 80
      CX 91 112
      DEPOLARIZE2(0.001) 91 112
      CX 95 116
      DEPOLARIZE2(0.001) 95 116
      I 10 16 50 64 82 86 99 104 108
      CX 6 3
      DEPOLARIZE2(0.001) 6 3
      CX 10 8
      DEPOLARIZE2(0.001) 10 8
      CX 18 26
      DEPOLARIZE2(0.001) 18 26
      CX 22 15
      DEPOLARIZE2(0.001) 22 15
      CX 28 24
      DEPOLARIZE2(0.001) 28 24
      CX 50 38
      DEPOLARIZE2(0.001) 50 38
      CX 40 52
      DEPOLARIZE2(0.001) 40 52
      CX 42 31
      DEPOLARIZE2(0.001) 42 31
      CX 33 44
      DEPOLARIZE2(0.001) 33 44
      CX 46 35
      DEPOLARIZE2(0.001) 46 35
      CX 54 48
      DEPOLARIZE2(0.001) 54 48
      CX 66 82
      DEPOLARIZE2(0.001) 66 82
      CX 84 68
      DEPOLARIZE2(0.001) 84 68
      CX 70 86
      DEPOLARIZE2(0.001) 70 86
      CX 74 59
      DEPOLARIZE2(0.001) 74 59
      CX 61 76
      DEPOLARIZE2(0.001) 61 76
      CX 78 63
      DEPOLARIZE2(0.001) 78 63
      CX 88 80
      DEPOLARIZE2(0.001) 88 80
      CX 93 112
      DEPOLARIZE2(0.001) 93 112
      CX 97 116
      DEPOLARIZE2(0.001) 97 116
      I 13 16 57 64 91 95 99 104 108
      H 6 18 22 40 42 46 66 70 74 78 104 108
      DEPOLARIZE1(0.001) 6 18 22 40 42 46 66 70 74 78 104 108
      I 8 16 24 38 44 48 64 68 76 80 112 116 3 10 13 15 26 28 31 33 35 50 52 54 57 59 61 63 82 84 86 88 91 93 95 97 99
      M(0.001) 6 18 22 40 42 46 66 70 74 78 104 108 8 16 24 38 44 48 64 68 76 80 112 116
      I 3 10 13 15 26 28 31 33 35 50 52 54 57 59 61 63 82 84 86 88 91 93 95 97 99
      DETECTOR rec[-24] rec[-48]
      DETECTOR rec[-12] rec[-36]
      DETECTOR rec[-11] rec[-35]
      DETECTOR rec[-23] rec[-47]
      DETECTOR rec[-22] rec[-46]
      DETECTOR rec[-10] rec[-34]
      DETECTOR rec[-9] rec[-33]
      DETECTOR rec[-21] rec[-45]
      DETECTOR rec[-20] rec[-44]
      DETECTOR rec[-8] rec[-32]
      DETECTOR rec[-19] rec[-43]
      DETECTOR rec[-7] rec[-31]
      DETECTOR rec[-6] rec[-30]
      DETECTOR rec[-18] rec[-42]
      DETECTOR rec[-5] rec[-29]
      DETECTOR rec[-17] rec[-41]
      DETECTOR rec[-16] rec[-40]
      DETECTOR rec[-4] rec[-28]
      DETECTOR rec[-15] rec[-39]
      DETECTOR rec[-3] rec[-27]
      DETECTOR rec[-14] rec[-38]
      DETECTOR rec[-13] rec[-37]
      DETECTOR rec[-2] rec[-26]
      DETECTOR rec[-1] rec[-25]
      R 6 18 22 40 42 46 66 70 74 78 104 108 8 16 24 38 44 48 64 68 76 80 112 116
      DEPOLARIZE1(0.001) 6 18 22 40 42 46 66 70 74 78 104 108 8 16 24 38 44 48 64 68 76 80 112 116
      I 3 10 13 15 26 28 31 33 35 50 52 54 57 59 61 63 82 84 86 88 91 93 95 97 99
      H 6 18 22 40 42 46 66 70 74 78 104 108
      DEPOLARIZE1(0.001) 6 18 22 40 42 46 66 70 74 78 104 108
      I 8 16 24 38 44 48 64 68 76 80 112 116 3 10 13 15 26 28 31 33 35 50 52 54 57 59 61 63 82 84 86 88 91 93 95 97 99
      CX 13 8
      DEPOLARIZE2(0.001) 13 8
      CX 10 16
      DEPOLARIZE2(0.001) 10 16
      CX 18 15
      DEPOLARIZE2(0.001) 18 15
      CX 22 31
      DEPOLARIZE2(0.001) 22 31
      CX 33 24
      DEPOLARIZE2(0.001) 33 24
      CX 28 38
      DEPOLARIZE2(0.001) 28 38
      CX 40 35
      DEPOLARIZE2(0.001) 40 35
      CX 57 44
      DEPOLARIZE2(0.001) 57 44
      CX 46 59
      DEPOLARIZE2(0.001) 46 59
      CX 61 48
      DEPOLARIZE2(0.001) 61 48
      CX 50 64
      DEPOLARIZE2(0.001) 50 64
      CX 66 52
      DEPOLARIZE2(0.001) 66 52
      CX 54 68
      DEPOLARIZE2(0.001) 54 68
      CX 70 63
      DEPOLARIZE2(0.001) 70 63
      CX 74 91
      DEPOLARIZE2(0.001) 74 91
      CX 93 76
      DEPOLARIZE2(0.001) 93 76
      CX 78 95
      DEPOLARIZE2(0.001) 78 95
      CX 97 80
      DEPOLARIZE2(0.001) 97 80
      CX 104 86
      DEPOLARIZE2(0.001) 104 86
      CX 108 99
      DEPOLARIZE2(0.001) 108 99
      I 3 6 26 42 82 84 88 112 116
      CX 15 8
      DEPOLARIZE2(0.001) 15 8
      CX 26 16
      DEPOLARIZE2(0.001) 26 16
      CX 18 10
      DEPOLARIZE2(0.001) 18 10
      CX 22 13
      DEPOLARIZE2(0.001) 22 13
      CX 35 24
      DEPOLARIZE2(0.001) 35 24
      CX 52 38
      DEPOLARIZE2(0.001) 52 38
      CX 40 28
      DEPOLARIZE2(0.001) 40 28
      CX 59 44
      DEPOLARIZE2(0.001) 59 44
      CX 46 33
      DEPOLARIZE2(0.001) 46 33
      CX 63 48
      DEPOLARIZE2(0.001) 63 48
      CX 82 64
      DEPOLARIZE2(0.001) 82 64
      CX 66 50
      DEPOLARIZE2(0.001) 66 50
      CX 86 68
      DEPOLARIZE2(0.001) 86 68
      CX 70 54
      DEPOLARIZE2(0.001) 70 54
      CX 74 57
      DEPOLARIZE2(0.001) 74 57
      CX 95 76
      DEPOLARIZE2(0.001) 95 76
      CX 78 61
      DEPOLARIZE2(0.001) 78 61
      CX 99 80
      DEPOLARIZE2(0.001) 99 80
      CX 104 84
      DEPOLARIZE2(0.001) 104 84
      CX 108 88
      DEPOLARIZE2(0.001) 108 88
      I 3 6 31 42 91 93 97 112 116
      CX 6 13
      DEPOLARIZE2(0.001) 6 13
      CX 3 8
      DEPOLARIZE2(0.001) 3 8
      CX 18 28
      DEPOLARIZE2(0.001) 18 28
      CX 22 33
      DEPOLARIZE2(0.001) 22 33
      CX 15 24
      DEPOLARIZE2(0.001) 15 24
      CX 26 38
      DEPOLARIZE2(0.001) 26 38
      CX 40 54
      DEPOLARIZE2(0.001) 40 54
      CX 42 57
      DEPOLARIZE2(0.001) 42 57
      CX 31 44
      DEPOLARIZE2(0.001) 31 44
      CX 46 61
      DEPOLARIZE2(0.001) 46 61
      CX 35 48
      DEPOLARIZE2(0.001) 35 48
      CX 66 84
      DEPOLARIZE2(0.001) 66 84
      CX 52 68
      DEPOLARIZE2(0.001) 52 68
      CX 70 88
      DEPOLARIZE2(0.001) 70 88
      CX 74 93
      DEPOLARIZE2(0.001) 74 93
      CX 59 76
      DEPOLARIZE2(0.001) 59 76
      CX 78 97
      DEPOLARIZE2(0.001) 78 97
      CX 63 80
      DEPOLARIZE2(0.001) 63 80
      CX 91 112
      DEPOLARIZE2(0.001) 91 112
      CX 95 116
      DEPOLARIZE2(0.001) 95 116
      I 10 16 50 64 82 86 99 104 108
      CX 6 3
      DEPOLARIZE2(0.001) 6 3
      CX 10 8
      DEPOLARIZE2(0.001) 10 8
      CX 18 26
      DEPOLARIZE2(0.001) 18 26
      CX 22 15
      DEPOLARIZE2(0.001) 22 15
      CX 28 24
      DEPOLARIZE2(0.001) 28 24
      CX 50 38
      DEPOLARIZE2(0.001) 50 38
      CX 40 52
      DEPOLARIZE2(0.001) 40 52
      CX 42 31
      DEPOLARIZE2(0.001) 42 31
      CX 33 44
      DEPOLARIZE2(0.001) 33 44
      CX 46 35
      DEPOLARIZE2(0.001) 46 35
      CX 54 48
      DEPOLARIZE2(0.001) 54 48
      CX 66 82
      DEPOLARIZE2(0.001) 66 82
      CX 84 68
      DEPOLARIZE2(0.001) 84 68
      CX 70 86
      DEPOLARIZE2(0.001) 70 86
      CX 74 59
      DEPOLARIZE2(0.001) 74 59
      CX 61 76
      DEPOLARIZE2(0.001) 61 76
      CX 78 63
      DEPOLARIZE2(0.001) 78 63
      CX 88 80
      DEPOLARIZE2(0.001) 88 80
      CX 93 112
      DEPOLARIZE2(0.001) 93 112
      CX 97 116
      DEPOLARIZE2(0.001) 97 116
      I 13 16 57 64 91 95 99 104 108
      H 6 18 22 40 42 46 66 70 74 78 104 108
      DEPOLARIZE1(0.001) 6 18 22 40 42 46 66 70 74 78 104 108
      I 8 16 24 38 44 48 64 68 76 80 112 116 3 10 13 15 26 28 31 33 35 50 52 54 57 59 61 63 82 84 86 88 91 93 95 97 99
      M(0.001) 6 18 22 40 42 46 66 70 74 78 104 108 8 16 24 38 44 48 64 68 76 80 112 116
      I 3 10 13 15 26 28 31 33 35 50 52 54 57 59 61 63 82 84 86 88 91 93 95 97 99
      DETECTOR rec[-24] rec[-48]
      DETECTOR rec[-12] rec[-36]
      DETECTOR rec[-11] rec[-35]
      DETECTOR rec[-23] rec[-47]
      DETECTOR rec[-22] rec[-46]
      DETECTOR rec[-10] rec[-34]
      DETECTOR rec[-9] rec[-33]
      DETECTOR rec[-21] rec[-45]
      DETECTOR rec[-20] rec[-44]
      DETECTOR rec[-8] rec[-32]
      DETECTOR rec[-19] rec[-43]
      DETECTOR rec[-7] rec[-31]
      DETECTOR rec[-6] rec[-30]
      DETECTOR rec[-18] rec[-42]
      DETECTOR rec[-5] rec[-29]
      DETECTOR rec[-17] rec[-41]
      DETECTOR rec[-16] rec[-40]
      DETECTOR rec[-4] rec[-28]
      DETECTOR rec[-15] rec[-39]
      DETECTOR rec[-3] rec[-27]
      DETECTOR rec[-14] rec[-38]
      DETECTOR rec[-13] rec[-37]
      DETECTOR rec[-2] rec[-26]
      DETECTOR rec[-1] rec[-25]
      R 6 18 22 40 42 46 66 70 74 78 104 108 8 16 24 38 44 48 64 68 76 80 112 116
      DEPOLARIZE1(0.001) 6 18 22 40 42 46 66 70 74 78 104 108 8 16 24 38 44 48 64 68 76 80 112 116
      I 3 10 13 15 26 28 31 33 35 50 52 54 57 59 61 63 82 84 86 88 91 93 95 97 99
      H 6 18 22 40 42 46 66 70 74 78 104 108
      DEPOLARIZE1(0.001) 6 18 22 40 42 46 66 70 74 78 104 108
      I 8 16 24 38 44 48 64 68 76 80 112 116 3 10 13 15 26 28 31 33 35 50 52 54 57 59 61 63 82 84 86 88 91 93 95 97 99
      CX 13 8
      DEPOLARIZE2(0.001) 13 8
      CX 10 16
      DEPOLARIZE2(0.001) 10 16
      CX 18 15
      DEPOLARIZE2(0.001) 18 15
      CX 22 31
      DEPOLARIZE2(0.001) 22 31
      CX 33 24
      DEPOLARIZE2(0.001) 33 24
      CX 28 38
      DEPOLARIZE2(0.001) 28 38
      CX 40 35
      DEPOLARIZE2(0.001) 40 35
      CX 57 44
      DEPOLARIZE2(0.001) 57 44
      CX 46 59
      DEPOLARIZE2(0.001) 46 59
      CX 61 48
      DEPOLARIZE2(0.001) 61 48
      CX 50 64
      DEPOLARIZE2(0.001) 50 64
      CX 66 52
      DEPOLARIZE2(0.001) 66 52
      CX 54 68
      DEPOLARIZE2(0.001) 54 68
      CX 70 63
      DEPOLARIZE2(0.001) 70 63
      CX 74 91
      DEPOLARIZE2(0.001) 74 91
      CX 93 76
      DEPOLARIZE2(0.001) 93 76
      CX 78 95
      DEPOLARIZE2(0.001) 78 95
      CX 97 80
      DEPOLARIZE2(0.001) 97 80
      CX 104 86
      DEPOLARIZE2(0.001) 104 86
      CX 108 99
      DEPOLARIZE2(0.001) 108 99
      I 3 6 26 42 82 84 88 112 116
      CX 15 8
      DEPOLARIZE2(0.001) 15 8
      CX 26 16
      DEPOLARIZE2(0.001) 26 16
      CX 18 10
      DEPOLARIZE2(0.001) 18 10
      CX 22 13
      DEPOLARIZE2(0.001) 22 13
      CX 35 24
      DEPOLARIZE2(0.001) 35 24
      CX 52 38
      DEPOLARIZE2(0.001) 52 38
      CX 40 28
      DEPOLARIZE2(0.001) 40 28
      CX 59 44
      DEPOLARIZE2(0.001) 59 44
      CX 46 33
      DEPOLARIZE2(0.001) 46 33
      CX 63 48
      DEPOLARIZE2(0.001) 63 48
      CX 82 64
      DEPOLARIZE2(0.001) 82 64
      CX 66 50
      DEPOLARIZE2(0.001) 66 50
      CX 86 68
      DEPOLARIZE2(0.001) 86 68
      CX 70 54
      DEPOLARIZE2(0.001) 70 54
      CX 74 57
      DEPOLARIZE2(0.001) 74 57
      CX 95 76
      DEPOLARIZE2(0.001) 95 76
      CX 78 61
      DEPOLARIZE2(0.001) 78 61
      CX 99 80
      DEPOLARIZE2(0.001) 99 80
      CX 104 84
      DEPOLARIZE2(0.001) 104 84
      CX 108 88
      DEPOLARIZE2(0.001) 108 88
      I 3 6 31 42 91 93 97 112 116
      CX 6 13
      DEPOLARIZE2(0.001) 6 13
      CX 3 8
      DEPOLARIZE2(0.001) 3 8
      CX 18 28
      DEPOLARIZE2(0.001) 18 28
      CX 22 33
      DEPOLARIZE2(0.001) 22 33
      CX 15 24
      DEPOLARIZE2(0.001) 15 24
      CX 26 38
      DEPOLARIZE2(0.001) 26 38
      CX 40 54
      DEPOLARIZE2(0.001) 40 54
      CX 42 57
      DEPOLARIZE2(0.001) 42 57
      CX 31 44
      DEPOLARIZE2(0.001) 31 44
      CX 46 61
      DEPOLARIZE2(0.001) 46 61
      CX 35 48
      DEPOLARIZE2(0.001) 35 48
      CX 66 84
      DEPOLARIZE2(0.001) 66 84
      CX 52 68
      DEPOLARIZE2(0.001) 52 68
      CX 70 88
      DEPOLARIZE2(0.001) 70 88
      CX 74 93
      DEPOLARIZE2(0.001) 74 93
      CX 59 76
      DEPOLARIZE2(0.001) 59 76
      CX 78 97
      DEPOLARIZE2(0.001) 78 97
      CX 63 80
      DEPOLARIZE2(0.001) 63 80
      CX 91 112
      DEPOLARIZE2(0.001) 91 112
      CX 95 116
      DEPOLARIZE2(0.001) 95 116
      I 10 16 50 64 82 86 99 104 108
      CX 6 3
      DEPOLARIZE2(0.001) 6 3
      CX 10 8
      DEPOLARIZE2(0.001) 10 8
      CX 18 26
      DEPOLARIZE2(0.001) 18 26
      CX 22 15
      DEPOLARIZE2(0.001) 22 15
      CX 28 24
      DEPOLARIZE2(0.001) 28 24
      CX 50 38
      DEPOLARIZE2(0.001) 50 38
      CX 40 52
      DEPOLARIZE2(0.001) 40 52
      CX 42 31
      DEPOLARIZE2(0.001) 42 31
      CX 33 44
      DEPOLARIZE2(0.001) 33 44
      CX 46 35
      DEPOLARIZE2(0.001) 46 35
      CX 54 48
      DEPOLARIZE2(0.001) 54 48
      CX 66 82
      DEPOLARIZE2(0.001) 66 82
      CX 84 68
      DEPOLARIZE2(0.001) 84 68
      CX 70 86
      DEPOLARIZE2(0.001) 70 86
      CX 74 59
      DEPOLARIZE2(0.001) 74 59
      CX 61 76
      DEPOLARIZE2(0.001) 61 76
      CX 78 63
      DEPOLARIZE2(0.001) 78 63
      CX 88 80
      DEPOLARIZE2(0.001) 88 80
      CX 93 112
      DEPOLARIZE2(0.001) 93 112
      CX 97 116
      DEPOLARIZE2(0.001) 97 116
      I 13 16 57 64 91 95 99 104 108
      H 6 18 22 40 42 46 66 70 74 78 104 108
      DEPOLARIZE1(0.001) 6 18 22 40 42 46 66 70 74 78 104 108
      I 8 16 24 38 44 48 64 68 76 80 112 116 3 10 13 15 26 28 31 33 35 50 52 54 57 59 61 63 82 84 86 88 91 93 95 97 99
      M(0.001) 6 18 22 40 42 46 66 70 74 78 104 108 8 16 24 38 44 48 64 68 76 80 112 116
      I 3 10 13 15 26 28 31 33 35 50 52 54 57 59 61 63 82 84 86 88 91 93 95 97 99
      DETECTOR rec[-24] rec[-48]
      DETECTOR rec[-12] rec[-36]
      DETECTOR rec[-11] rec[-35]
      DETECTOR rec[-23] rec[-47]
      DETECTOR rec[-22] rec[-46]
      DETECTOR rec[-10] rec[-34]
      DETECTOR rec[-9] rec[-33]
      DETECTOR rec[-21] rec[-45]
      DETECTOR rec[-20] rec[-44]
      DETECTOR rec[-8] rec[-32]
      DETECTOR rec[-19] rec[-43]
      DETECTOR rec[-7] rec[-31]
      DETECTOR rec[-6] rec[-30]
      DETECTOR rec[-18] rec[-42]
      DETECTOR rec[-5] rec[-29]
      DETECTOR rec[-17] rec[-41]
      DETECTOR rec[-16] rec[-40]
      DETECTOR rec[-4] rec[-28]
      DETECTOR rec[-15] rec[-39]
      DETECTOR rec[-3] rec[-27]
      DETECTOR rec[-14] rec[-38]
      DETECTOR rec[-13] rec[-37]
      DETECTOR rec[-2] rec[-26]
      DETECTOR rec[-1] rec[-25]
      H 3 10 13 15 26 28 31 33 35 50 52 54 57 59 61 63 82 84 86 88 91 93 95 97 99
      DEPOLARIZE1(0.001) 3 10 13 15 26 28 31 33 35 50 52 54 57 59 61 63 82 84 86 88 91 93 95 97 99
      M(0.001) 3 10 13 15 26 28 31 33 35 50 52 54 57 59 61 63 82 84 86 88 91 93 95 97 99
      DETECTOR rec[-49] rec[-25] rec[-23]
      DETECTOR rec[-48] rec[-21] rec[-20] rec[-24] rec[-22]
      DETECTOR rec[-43] rec[-9] rec[-8] rec[-16] rec[-15]
      DETECTOR rec[-47] rec[-22] rec[-18] rec[-23] rec[-19]
      DETECTOR rec[-46] rec[-15] rec[-14] rec[-20] rec[-17]
      DETECTOR rec[-39] rec[-8] rec[-7]
      DETECTOR rec[-45] rec[-19] rec[-13]
      DETECTOR rec[-44] rec[-17] rec[-11] rec[-18] rec[-12]
      DETECTOR rec[-42] rec[-7] rec[-6] rec[-14] rec[-10]
      DETECTOR rec[-41] rec[-12] rec[-4] rec[-13] rec[-5]
      DETECTOR rec[-40] rec[-10] rec[-2] rec[-11] rec[-3]
      DETECTOR rec[-38] rec[-6] rec[-1]
      OBSERVABLE_INCLUDE(0) rec[-25] rec[-24] rec[-21] rec[-16] rec[-9]
  ''')
# ---
# name: test_memory_circuit.1
  list([
    list([
      144,
      145,
      148,
      153,
      160,
    ]),
  ])
# ---
